// Vitest Snapshot v1, https://vitest.dev/guide/snapshot.html

exports[`TutorPage > renders properly 1`] = `
<div
  class="content-centered-wrapper"
  data-v-8a8621cb=""
>
  <div
    class="is-flex"
    data-v-050e406a=""
    data-v-8a8621cb=""
  >
    
    <p
      class="step-indicator active"
      data-v-050e406a=""
    >
      1
    </p>
    <p
      class="step-indicator disabled"
      data-v-050e406a=""
    >
      2
    </p>
    <p
      class="step-indicator disabled"
      data-v-050e406a=""
    >
      3
    </p>
    
  </div>
  <!--v-if-->
  <!--v-if-->
  <div
    class="layout-flex"
    data-v-8a8621cb=""
  >
    <div
      class="flex-wrap"
      data-v-8a8621cb=""
    >
      <div
        class="wrapper"
        data-test="fist-step"
        data-v-8a8621cb=""
        data-v-e090ef8d=""
      >
        <h1
          class="title is-4"
          data-v-e090ef8d=""
        >
          tutor.firstStep.title
        </h1>
        <p
          class="subtitle is-6"
          data-v-e090ef8d=""
        >
          tutor.firstStep.description
        </p>
        <div
          class="is-flex is-flex-direction-column"
          data-v-e090ef8d=""
        >
          <div
            class="input-group is-flex is-flex-direction-column"
            data-v-e090ef8d=""
          >
            <div
              class="is-flex is-flex-direction-row mb-2"
              data-v-e090ef8d=""
              id="file_0"
            >
              <input
                accept="application/pdf, text/*"
                class="input"
                data-testid="file-input"
                data-v-e090ef8d=""
                placeholder="Enter the new file"
                type="file"
              />
              <button
                class="button"
                data-v-e090ef8d=""
                disabled=""
              >
                x
              </button>
            </div>
          </div>
          <!--v-if-->
          <div
            class="is-align-self-flex-end"
            data-v-e090ef8d=""
          >
            <button
              class="button"
              data-v-e090ef8d=""
            >
               + 
            </button>
            <!--v-if-->
          </div>
        </div>
        <!--v-if-->
        <h2
          class="title is-6 mt-4"
          data-v-e090ef8d=""
        >
          tutor.firstStep.cursusDescriptionTitle
        </h2>
        <div
          class="is-flex is-flex-wrap-wrap descriptions"
          data-v-e090ef8d=""
        >
          <div
            class="description"
            data-v-e090ef8d=""
          >
            <label
              data-v-e090ef8d=""
              for="cursus-title"
            >
              tutor.firstStep.cursusTitleLabel
            </label>
            <input
              class="input"
              data-v-e090ef8d=""
              id="cursus-title"
              placeholder="tutor.firstStep.cursusTitlePlaceholder"
              type="text"
              value=""
            />
          </div>
          <div
            class="description"
            data-v-e090ef8d=""
          >
            <label
              data-v-e090ef8d=""
              for="cursus-level"
            >
              tutor.firstStep.cursusLevelLabel
            </label>
            <input
              class="input"
              data-v-e090ef8d=""
              id="cursus-level"
              placeholder="tutor.firstStep.cursusLevelPlaceholder"
              type="text"
              value=""
            />
          </div>
          <div
            class="description"
            data-v-e090ef8d=""
          >
            <label
              data-v-e090ef8d=""
              for="cursus-duration"
            >
              tutor.firstStep.cursusDurationLabel
            </label>
            <input
              class="input"
              data-v-e090ef8d=""
              id="cursus-duration"
              placeholder="tutor.firstStep.cursusDurationPlaceholder"
              type="text"
              value=""
            />
          </div>
        </div>
        <label
          class="mt-4"
          data-v-e090ef8d=""
          for="cursus-description"
        >
          tutor.firstStep.cursusDescriptionLabel
        </label>
        <textarea
          class="textarea mt-1"
          data-v-e090ef8d=""
          id="cursus-description"
          placeholder="tutor.firstStep.cursusDescriptionPlaceholder"
          rows="5"
          value=""
        />
      </div>
      <div
        class="wrapper"
        data-test="second-step"
        data-v-8a8621cb=""
        data-v-ebcfbade=""
      >
        <div
          class="has-text-centered mt-6"
          data-v-ebcfbade=""
        >
          <p
            class="title is-4"
            data-v-ebcfbade=""
          >
            tutor.secondStep.noSources
          </p>
          <p
            class="subtitle is-6 mt-6"
            data-v-ebcfbade=""
          >
            tutor.secondStep.noSourcesDescription
          </p>
          <img
            alt="No sources found"
            class="image"
            data-v-ebcfbade=""
            src="/src/assets/no-sources.svg"
          />
        </div>
      </div>
    </div>
    <div
      class="wrapper"
      data-test="third-step"
      data-v-7bf7679d=""
      data-v-8a8621cb=""
    >
      <h1
        class="title is-4"
        data-v-7bf7679d=""
      >
        tutor.thirdStep.title
      </h1>
      <p
        class="subtitle is-6"
        data-v-7bf7679d=""
      >
        tutor.thirdStep.description
      </p>
      <!-- syllabus -->
      <!--v-if-->
      <!--v-if-->
      <button
        class="button"
        data-v-7bf7679d=""
      >
        tutor.thirdStep.giveFeedback
      </button>
    </div>
  </div>
  <div
    class="actions"
    data-v-8a8621cb=""
  >
    <!--v-if-->
    <button
      class="button"
      data-v-8a8621cb=""
    >
      next
    </button>
  </div>
</div>
`;
